../Core/Src/main.c:89:5:main	8	static
../Core/Src/main.c:147:6:SystemClock_Config	88	static
../Core/Src/main.c:194:13:MX_ADC1_Init	56	static
../Core/Src/main.c:280:13:MX_LPUART1_UART_Init	8	static
../Core/Src/main.c:327:13:MX_TIM1_Init	40	static
../Core/Src/main.c:374:13:MX_TIM2_Init	40	static
../Core/Src/main.c:419:13:MX_TIM3_Init	64	static
../Core/Src/main.c:476:13:MX_DMA_Init	16	static
../Core/Src/main.c:495:13:MX_GPIO_Init	48	static
../Core/Src/main.c:532:6:ADCtoPot	8	static
../Core/Src/main.c:556:6:Servo	4	static
../Core/Src/main.c:591:6:Error_Handler	4	static,ignoring_inline_asm
