../Core/Src/main.c:87:5:main	8	static
../Core/Src/main.c:143:6:SystemClock_Config	88	static
../Core/Src/main.c:190:13:MX_ADC1_Init	56	static
../Core/Src/main.c:276:13:MX_LPUART1_UART_Init	8	static
../Core/Src/main.c:323:13:MX_TIM1_Init	40	static
../Core/Src/main.c:370:13:MX_TIM3_Init	64	static
../Core/Src/main.c:427:13:MX_DMA_Init	16	static
../Core/Src/main.c:446:13:MX_GPIO_Init	48	static
../Core/Src/main.c:483:6:ADCtoPot	8	static
../Core/Src/main.c:507:6:Servo	4	static
../Core/Src/main.c:536:6:Error_Handler	4	static,ignoring_inline_asm
